
 Время работы SQL Server:
   Время ЦП = 0 мс, затраченное время = 0 мс.

 Время работы SQL Server:
   Время ЦП = 0 мс, затраченное время = 1 мс.
Время синтаксического анализа и компиляции SQL Server: 
 время ЦП = 0 мс, истекшее время = 4 мс.

 Время работы SQL Server:
   Время ЦП = 0 мс, затраченное время = 0 мс.

(затронута одна строка)
Время синтаксического анализа и компиляции SQL Server: 
 время ЦП = 0 мс, истекшее время = 4 мс.

 Время работы SQL Server:
   Время ЦП = 16 мс, затраченное время = 0 мс.

(затронуто строк: 3)
Время синтаксического анализа и компиляции SQL Server: 
 время ЦП = 0 мс, истекшее время = 5 мс.

 Время работы SQL Server:
   Время ЦП = 0 мс, затраченное время = 0 мс.

(затронуто строк: 3)
Время синтаксического анализа и компиляции SQL Server: 
 время ЦП = 0 мс, истекшее время = 5 мс.

 Время работы SQL Server:
   Время ЦП = 0 мс, затраченное время = 0 мс.

(затронута одна строка)
Время синтаксического анализа и компиляции SQL Server: 
 время ЦП = 0 мс, истекшее время = 0 мс.

 Время работы SQL Server:
   Время ЦП = 0 мс, затраченное время = 0 мс.

(затронуто строк: 2)
Время синтаксического анализа и компиляции SQL Server: 
 время ЦП = 0 мс, истекшее время = 3 мс.

(затронуто строк: 11)

 Время работы SQL Server:
   Время ЦП = 0 мс, затраченное время = 0 мс.

 Время работы SQL Server:
   Время ЦП = 0 мс, затраченное время = 1 мс.

Время выполнения: 2023-10-26T09:45:18.7779927+03:00
